
Memory Configuration

Name             Origin             Length             Attributes
flash            0x08000000         0x00020000         xr
sram             0x20000000         0x00005000         xrw
*default*        0x00000000         0xffffffff

Linker script and memory map


.text           0x08000000      0x1c0
 *(.vectors*)
 .vectors       0x08000000       0x1c startup.o
                0x08000000                vectors
 *(.text*)
 .text          0x0800001c       0x24 control_of_alarm.o
                0x0800001c                High_pressure_detected
 .text          0x08000040       0xc4 driver.o
                0x08000040                Delay
                0x08000060                getPressureVal
                0x08000078                Set_Alarm_actuator
                0x080000b4                GPIO_INITIALIZATION
 .text          0x08000104       0x2c main.o
                0x08000104                main
 .text          0x08000130       0x90 startup.o
                0x08000130                Reset_Handler
                0x080001b4                MM_Fault_Handler
                0x080001b4                Bus_Fault
                0x080001b4                H_fault_Handler
                0x080001b4                Usage_Fault_Handler
                0x080001b4                Default_handler
                0x080001b4                NMI_Handler
 *(.rodata)
                0x080001c0                _E_text = .

.glue_7         0x080001c0        0x0
 .glue_7        0x080001c0        0x0 linker stubs

.glue_7t        0x080001c0        0x0
 .glue_7t       0x080001c0        0x0 linker stubs

.vfp11_veneer   0x080001c0        0x0
 .vfp11_veneer  0x080001c0        0x0 linker stubs

.v4_bx          0x080001c0        0x0
 .v4_bx         0x080001c0        0x0 linker stubs

.iplt           0x080001c0        0x0
 .iplt          0x080001c0        0x0 control_of_alarm.o

.rel.dyn        0x080001c0        0x0
 .rel.iplt      0x080001c0        0x0 control_of_alarm.o

.data           0x20000000        0x0 load address 0x080001c0
                0x20000000                _S_data = .
 *(.data)
 .data          0x20000000        0x0 control_of_alarm.o
 .data          0x20000000        0x0 driver.o
 .data          0x20000000        0x0 main.o
 .data          0x20000000        0x0 startup.o
                0x20000000                . = ALIGN (0x4)
                0x20000000                _E_data = .

.igot.plt       0x20000000        0x0 load address 0x080001c0
 .igot.plt      0x20000000        0x0 control_of_alarm.o

.bss            0x20000000     0x1000 load address 0x080001c0
                0x20000000                _S_bss = .
 *(.bss*)
 .bss           0x20000000        0x0 control_of_alarm.o
 .bss           0x20000000        0x0 driver.o
 .bss           0x20000000        0x0 main.o
 .bss           0x20000000        0x0 startup.o
                0x20000000                . = ALIGN (0x4)
                0x20000000                _E_bss = .
                0x20001000                . = (. + 0x1000)
 *fill*         0x20000000     0x1000 
                0x20001000                _stack_top = .
LOAD control_of_alarm.o
LOAD driver.o
LOAD main.o
LOAD startup.o
OUTPUT(project1_pressure_detector.elf elf32-littlearm)

.debug_info     0x00000000     0x1ebb
 .debug_info    0x00000000      0x98a control_of_alarm.o
 .debug_info    0x0000098a      0xa05 driver.o
 .debug_info    0x0000138f      0x9c1 main.o
 .debug_info    0x00001d50      0x16b startup.o

.debug_abbrev   0x00000000      0x59b
 .debug_abbrev  0x00000000      0x176 control_of_alarm.o
 .debug_abbrev  0x00000176      0x1de driver.o
 .debug_abbrev  0x00000354      0x187 main.o
 .debug_abbrev  0x000004db       0xc0 startup.o

.debug_loc      0x00000000      0x220
 .debug_loc     0x00000000       0x2c control_of_alarm.o
 .debug_loc     0x0000002c      0x140 driver.o
 .debug_loc     0x0000016c       0x38 main.o
 .debug_loc     0x000001a4       0x7c startup.o

.debug_aranges  0x00000000       0x80
 .debug_aranges
                0x00000000       0x20 control_of_alarm.o
 .debug_aranges
                0x00000020       0x20 driver.o
 .debug_aranges
                0x00000040       0x20 main.o
 .debug_aranges
                0x00000060       0x20 startup.o

.debug_line     0x00000000      0x5c0
 .debug_line    0x00000000      0x12c control_of_alarm.o
 .debug_line    0x0000012c      0x1b9 driver.o
 .debug_line    0x000002e5      0x19f main.o
 .debug_line    0x00000484      0x13c startup.o

.debug_str      0x00000000      0x5cf
 .debug_str     0x00000000      0x4ce control_of_alarm.o
                                0x532 (size before relaxing)
 .debug_str     0x000004ce       0x57 driver.o
                                0x568 (size before relaxing)
 .debug_str     0x00000525       0x2a main.o
                                0x546 (size before relaxing)
 .debug_str     0x0000054f       0x80 startup.o
                                0x1af (size before relaxing)

.comment        0x00000000       0x7e
 .comment       0x00000000       0x7e control_of_alarm.o
                                 0x7f (size before relaxing)
 .comment       0x0000007e       0x7f driver.o
 .comment       0x0000007e       0x7f main.o
 .comment       0x0000007e       0x7f startup.o

.ARM.attributes
                0x00000000       0x33
 .ARM.attributes
                0x00000000       0x33 control_of_alarm.o
 .ARM.attributes
                0x00000033       0x33 driver.o
 .ARM.attributes
                0x00000066       0x33 main.o
 .ARM.attributes
                0x00000099       0x33 startup.o

.debug_frame    0x00000000      0x14c
 .debug_frame   0x00000000       0x2c control_of_alarm.o
 .debug_frame   0x0000002c       0xa0 driver.o
 .debug_frame   0x000000cc       0x30 main.o
 .debug_frame   0x000000fc       0x50 startup.o
