
Memory Configuration

Name             Origin             Length             Attributes
flash            0x08000000         0x00020000         xr
sram             0x20000000         0x00005000         xrw
*default*        0x00000000         0xffffffff

Linker script and memory map


.text           0x08000000       0xb4
 *(.vector*)
 .vector        0x08000000       0x30 startup.o
 *(.text*)
 .text          0x08000030        0x6 startup.o
 *fill*         0x08000036        0x2 
 .text          0x08000038       0x7c main.o
                0x08000038                main
 *(.redata)

.glue_7         0x080000b4        0x0
 .glue_7        0x080000b4        0x0 linker stubs

.glue_7t        0x080000b4        0x0
 .glue_7t       0x080000b4        0x0 linker stubs

.vfp11_veneer   0x080000b4        0x0
 .vfp11_veneer  0x080000b4        0x0 linker stubs

.v4_bx          0x080000b4        0x0
 .v4_bx         0x080000b4        0x0 linker stubs

.iplt           0x080000b4        0x0
 .iplt          0x080000b4        0x0 startup.o

.rel.dyn        0x080000b4        0x0
 .rel.iplt      0x080000b4        0x0 startup.o

.data           0x080000b4        0x4
 *(.data*)
 .data          0x080000b4        0x0 startup.o
 .data          0x080000b4        0x4 main.o
                0x080000b4                R_ODR

.igot.plt       0x080000b8        0x0
 .igot.plt      0x080000b8        0x0 startup.o

.bss            0x20000000        0x0
 *(.bss*)
 .bss           0x20000000        0x0 startup.o
 .bss           0x20000000        0x0 main.o
LOAD startup.o
LOAD main.o
OUTPUT(learn-in-depth_cortex_m3.elf elf32-littlearm)

.ARM.attributes
                0x00000000       0x2f
 .ARM.attributes
                0x00000000       0x21 startup.o
 .ARM.attributes
                0x00000021       0x33 main.o

.comment        0x00000000       0x7e
 .comment       0x00000000       0x7e main.o
                                 0x7f (size before relaxing)

.debug_line     0x00000000      0x165
 .debug_line    0x00000000       0x3a startup.o
 .debug_line    0x0000003a      0x12b main.o

.debug_info     0x00000000      0x162
 .debug_info    0x00000000       0x26 startup.o
 .debug_info    0x00000026      0x13c main.o

.debug_abbrev   0x00000000       0xde
 .debug_abbrev  0x00000000       0x14 startup.o
 .debug_abbrev  0x00000014       0xca main.o

.debug_aranges  0x00000000       0x40
 .debug_aranges
                0x00000000       0x20 startup.o
 .debug_aranges
                0x00000020       0x20 main.o

.debug_str      0x00000000      0x14b
 .debug_str     0x00000000       0x48 startup.o
 .debug_str     0x00000048      0x103 main.o
                                0x16f (size before relaxing)

.debug_loc      0x00000000       0x38
 .debug_loc     0x00000000       0x38 main.o

.debug_frame    0x00000000       0x2c
 .debug_frame   0x00000000       0x2c main.o
